2026-05-05 19:46:20,333 - preprocessing - INFO - ======================================================================
2026-05-05 19:46:20,336 - preprocessing - INFO - ======================================================================
2026-05-05 19:46:20,339 - preprocessing - INFO - Loading new data from data/new_data.csv...
2026-05-05 19:46:20,922 - preprocessing - INFO - Loading feature columns from training...
2026-05-05 19:59:40,073 - preprocessing - INFO - ======================================================================
2026-05-05 19:59:40,077 - preprocessing - INFO - ======================================================================
2026-05-05 19:59:40,078 - preprocessing - INFO - Loading new data from data/new_data.csv...
2026-05-05 19:59:40,698 - preprocessing - INFO - Loading feature columns from training...
2026-05-05 20:03:12,614 - preprocessing - INFO - ======================================================================
2026-05-05 20:03:12,617 - preprocessing - INFO - ======================================================================
2026-05-05 20:03:12,617 - preprocessing - INFO - Loading new data from data/new_data.csv...
2026-05-05 20:03:13,108 - preprocessing - INFO - Loading feature columns from training...
2026-05-05 20:04:32,531 - monitoring - INFO - ======================================================================
2026-05-05 20:04:32,535 - monitoring - INFO - ======================================================================
2026-05-05 20:04:32,536 - monitoring - INFO - Loading data from artifacts...
2026-05-05 20:04:32,537 - monitoring - ERROR - Monitoring failed: [Errno 2] No such file or directory: 'artifacts/data/X_test.npy'
2026-05-05 20:08:22,436 - monitoring - INFO - ======================================================================
2026-05-05 20:08:22,439 - monitoring - INFO - ======================================================================
2026-05-05 20:08:22,441 - monitoring - INFO - Loading data from artifacts...
2026-05-05 20:08:22,441 - monitoring - ERROR - Monitoring failed: [Errno 2] No such file or directory: 'artifacts/data/X_test.npy'
2026-05-05 20:12:46,492 - INFO - ======================================================================
2026-05-05 20:12:46,492 - INFO - STARTING COMPREHENSIVE MONITORING
2026-05-05 20:12:46,492 - INFO - ======================================================================
2026-05-05 20:12:46,493 - INFO - Loading data from artifacts...
2026-05-05 20:12:46,498 - INFO - Loaded test data: (3063, 376, 1)
2026-05-05 20:12:46,512 - INFO - Loaded training data: (7146, 376, 1)
2026-05-05 20:12:46,578 - INFO - Loaded new data: (6000, 376, 1)
2026-05-05 20:12:46,760 - INFO - Model loaded successfully
2026-05-05 20:12:46,760 - INFO - Getting model predictions...
2026-05-05 20:12:47,564 - INFO - Test predictions: 3063 samples
2026-05-05 20:12:48,671 - INFO - New data predictions: 6000 samples
2026-05-05 20:12:48,672 - INFO - Calculating test metrics...
2026-05-05 20:12:48,674 - INFO - Test Metrics: MSE=53.0606, MAE=4.5739, R2=0.2672
2026-05-05 20:12:48,675 - INFO - Calculating new data metrics...
2026-05-05 20:12:48,680 - INFO - New Data Metrics: MSE=9858.2041, MAE=99.2717, R2=-39432.1680
2026-05-05 20:12:48,681 - INFO - Performance change: -14759123.29%
2026-05-05 20:12:48,681 - INFO - ======================================================================
2026-05-05 20:12:48,681 - WARNING - RETRAINING NEEDED: Performance degraded by 14759123.3%
2026-05-05 20:12:48,682 - INFO - ======================================================================
2026-05-05 20:12:48,685 - INFO - Results saved to artifacts/metrics/monitoring_summary.json
2026-06-01 18:29:02,649 - INFO - ======================================================================
2026-06-01 18:29:02,649 - INFO - STARTING COMPREHENSIVE MONITORING
2026-06-01 18:29:02,649 - INFO - ======================================================================
2026-06-01 18:29:02,649 - INFO - Loading data from artifacts...
2026-06-01 18:29:02,649 - ERROR - Test data not found!
2026-06-01 18:29:02,649 - INFO - Available files in artifacts:
2026-06-01 18:29:02,649 - ERROR - Monitoring failed: not enough values to unpack (expected 7, got 6)
2026-06-01 18:47:59,334 - INFO - ======================================================================
2026-06-01 18:47:59,334 - INFO - STARTING COMPREHENSIVE MONITORING
2026-06-01 18:47:59,335 - INFO - ======================================================================
2026-06-01 18:47:59,335 - INFO - Loading data from artifacts...
2026-06-01 18:47:59,339 - INFO - Loaded test data: (2451, 376, 1)
2026-06-01 18:47:59,345 - INFO - Loaded training data: (5716, 376, 1)
2026-06-01 18:47:59,345 - WARNING - No new data found, using test data as reference
2026-06-01 18:47:59,483 - INFO - Model loaded successfully
2026-06-01 18:47:59,483 - INFO - Getting model predictions...
2026-06-01 18:47:59,919 - INFO - Test predictions: 2451 samples
2026-06-01 18:48:00,191 - INFO - New data predictions: 2451 samples
2026-06-01 18:48:00,191 - INFO - Calculating test metrics...
2026-06-01 18:48:00,192 - INFO - Test Metrics: MSE=65.7543, MAE=5.0701, R2=-0.0929
2026-06-01 18:48:00,192 - INFO - Calculating new data metrics...
2026-06-01 18:48:00,193 - INFO - New Data Metrics: MSE=65.7543, MAE=5.0701, R2=-0.0929
2026-06-01 18:48:00,193 - INFO - Performance change: +0.00%
2026-06-01 18:48:00,193 - INFO - ======================================================================
2026-06-01 18:48:00,194 - INFO - NO RETRAINING NEEDED: Performance change within threshold
2026-06-01 18:48:00,194 - INFO - ======================================================================
2026-06-01 18:48:00,198 - INFO - Results saved to artifacts/metrics/monitoring_summary.json
